[wp.seatheme.net/real/elements-to-build-your-post/index.html]
[backblue.gif]
[fade.gif]
[index.html]
[wp.seatheme.net/real/wp-content/themes/real/img/apple-touch-icon-114x114.png]
[wp.seatheme.net/real/wp-content/plugins/instagram-feed/css/sbi-styles.min21bb.css]
[wp.seatheme.net/real/elements-to-build-your-post/feed/index.html]
[wp.seatheme.net/real/wp-includes/css/dist/block-library/style.minae48.css]
[wp.seatheme.net/real/wp-includes/css/classic-themes.minae48.css]
[wp.seatheme.net/real/wp-content/plugins/paid-memberships-pro/css/frontend9776.css]
[wp.seatheme.net/real/wp-content/plugins/paid-memberships-pro/css/print9776.css]
[wp.seatheme.net/real/wp-content/plugins/mailchimp-for-wp/assets/css/form-basic.mina288.css]
[wp.seatheme.net/real/wp-content/themes/real/styles/bootstrap001e.css]
[wp.seatheme.net/real/wp-content/themes/real/functions/theme/css/font-awesome.minfa0c.css]
[wp.seatheme.net/real/wp-content/themes/real/styles/magnific-popupe2dc.css]
[wp.seatheme.net/real/wp-content/themes/real/styles/pagebuild7d4c.css]
[wp.seatheme.net/real/wp-content/themes/real/style8a54.css]
[wp.seatheme.net/real/wp-includes/js/jquery/jquery.mina767.js]
[wp.seatheme.net/real/wp-includes/js/jquery/jquery-migrate.min6b00.js]
[wp.seatheme.net/real/wp-content/uploads/sites/27/2014/09/TIDqBLgQw6IUt5ZHKS0f_11891558035_eafdf53bf0_o-standard-thumb-800x533.jpg]
[wp.seatheme.net/real/wp-content/uploads/sites/27/2014/09/4769876254_3377c2be23_b.jpg]
[wp.seatheme.net/real/wp-content/uploads/sites/27/2014/09/4769876254_3377c2be23_b-standard-thumb-800x531.jpg]
[wp.seatheme.net/real/wp-content/uploads/sites/27/2014/09/lynDyjGSR9eR57ouPIEE_IMG_woods.jpg]
[wp.seatheme.net/real/wp-content/uploads/sites/27/2014/09/lynDyjGSR9eR57ouPIEE_IMG_woods-standard-thumb-800x533.jpg]
[wp.seatheme.net/real/wp-content/uploads/sites/27/2014/09/Ov8Hg5LlQriTimkB3PEl_kreativgrund_Weizenfeld1.jpg]
[wp.seatheme.net/real/wp-content/uploads/sites/27/2014/09/Ov8Hg5LlQriTimkB3PEl_kreativgrund_Weizenfeld1-standard-thumb-800x365.jpg]
[wp.seatheme.net/real/wp-content/uploads/sites/27/2014/09/zEk8RJdmQrqja2XwbjgJ_DSC_2368.jpg]
[wp.seatheme.net/real/wp-content/uploads/sites/27/2014/09/zEk8RJdmQrqja2XwbjgJ_DSC_2368-standard-thumb-800x533.jpg]
[wp.seatheme.net/real/wp-content/uploads/sites/27/2014/10/E5KMvPp9SsCnqmEGUwAS_2014-08-10-12.56.40-1.jpg]
[wp.seatheme.net/real/wp-content/uploads/sites/27/2014/10/E5KMvPp9SsCnqmEGUwAS_2014-08-10-12.56.40-1-standard-thumb-800x529.jpg]
[wp.seatheme.net/real/wp-content/uploads/sites/27/2014/09/9FybtVFNSEOxogGzIvHJ_1000560.jpg]
[wp.seatheme.net/real/wp-content/uploads/sites/27/2014/09/dogs.jpg]
[wp.seatheme.net/real/wp-content/uploads/sites/27/2014/09/tkLOe7nnQ7mnMsiuijBy_hm1.jpg]
[wp.seatheme.net/real/wp-content/plugins/instagram-feed/img/placeholder.png]
[wp.seatheme.net/real/wp-content/uploads/sites/27/2020/11/photo.jpg]
[wp.seatheme.net/real/wp-content/themes/real/js/jquery.jplayer.min3601.js]
[wp.seatheme.net/real/wp-includes/js/comment-reply.minae48.js]
[wp.seatheme.net/real/wp-content/themes/real/js/main8a54.js]
[wp.seatheme.net/real/wp-content/themes/real/js/smoothscroll1576.js]
[wp.seatheme.net/real/wp-content/themes/real/js/custom.theme8a54.js]
[wp.seatheme.net/real/elements-to-build-your-post/index.html]
[wp.seatheme.net/real/wp-content/plugins/instagram-feed/js/sbi-scripts.min21bb.js]
[wp.seatheme.net/real/wp-content/plugins/instagram-feed/img/small-logo.png]
[wp.seatheme.net/real/wp-content/plugins/instagram-feed/css/sbi-styles.min21bb.css]
[wp.seatheme.net/real/wp-includes/css/dist/block-library/style.minae48.css]
[wp.seatheme.net/real/wp-includes/css/classic-themes.minae48.css]
[wp.seatheme.net/real/wp-content/plugins/paid-memberships-pro/css/frontend9776.css]
[wp.seatheme.net/real/wp-content/plugins/paid-memberships-pro/css/print9776.css]
[wp.seatheme.net/real/wp-content/plugins/mailchimp-for-wp/assets/css/form-basic.mina288.css]
[wp.seatheme.net/real/wp-content/themes/real/img/glyphicons-halflings.png]
[wp.seatheme.net/real/wp-content/themes/real/img/glyphicons-halflings-white.png]
[wp.seatheme.net/real/wp-content/themes/real/styles/bootstrap001e.css]
[wp.seatheme.net/real/wp-content/themes/real/functions/theme/css/font-awesome.minfa0c.css]
[wp.seatheme.net/real/wp-content/themes/real/styles/magnific-popupe2dc.css]
[wp.seatheme.net/real/wp-content/themes/real/img/isotope-loading.gif]
[wp.seatheme.net/real/wp-content/themes/real/styles/pagebuild7d4c.css]
[wp.seatheme.net/real/wp-content/themes/real/img/select.png]
[wp.seatheme.net/real/wp-content/themes/real/style8a54.css]
[wp.seatheme.net/real/wp-content/uploads/sites/27/2014/09/15811318086_c0ff2d7772_h.jpg]
[pinterest.com/pin/create/bookmarklet/indexa437.html]
[wp.seatheme.net/real/wp-content/uploads/sites/27/2014/09/TIDqBLgQw6IUt5ZHKS0f_11891558035_eafdf53bf0_o.jpg]
[wp.seatheme.net/real/wp-content/uploads/sites/27/2014/12/logo-real-retina2.png]
[pinterest.com/pin/create/bookmarklet/indexaad5.html]
